
[TestFormatErrors/codeclimate - 1]
[{"check_name":"editorconfig-checker","description":"WRONG","fingerprint":"f9f3ebd33d41709a172ea4170461ad08","severity":"minor","location":{"path":"/proc/cpuinfo","lines":{"begin":1,"end":0}}},{"check_name":"editorconfig-checker","description":"WRONG","fingerprint":"8813fafd9666527940189f0eb71017cf","severity":"minor","location":{"path":"/proc/cpuinfoNOT","lines":{"begin":1,"end":0}}},{"check_name":"editorconfig-checker","description":"WRONG","fingerprint":"3d1d5dbbb6516a1ff6dfd7d463e39c92","severity":"minor","location":{"path":"some/other/path","lines":{"begin":-1,"end":0}}},{"check_name":"editorconfig-checker","description":"WRONG","fingerprint":"5047d0cb8e7ab136ef2c8409c7ef3ac3","severity":"minor","location":{"path":"some/other/path","lines":{"begin":1,"end":0}}},{"check_name":"editorconfig-checker","description":"file-level error","fingerprint":"d4c61b75e2e08b3f2eb497e4bbe563d1","severity":"minor","location":{"path":"some/file/with/consecutive/errors","lines":{"begin":-1,"end":0}}},{"check_name":"editorconfig-checker","description":"message kind one","fingerprint":"57fe25411e900e3f07da07aeea8c0f64","severity":"minor","location":{"path":"some/file/with/consecutive/errors","lines":{"begin":1,"end":1}}},{"check_name":"editorconfig-checker","description":"message kind one","fingerprint":"797f0cfb797675c4bed477a1067e8ef4","severity":"minor","location":{"path":"some/file/with/consecutive/errors","lines":{"begin":4,"end":0}}},{"check_name":"editorconfig-checker","description":"message kind two","fingerprint":"72013244ffd1c1406ad764b9de9ce525","severity":"minor","location":{"path":"some/file/with/consecutive/errors","lines":{"begin":5,"end":0}}},{"check_name":"editorconfig-checker","description":"message kind one","fingerprint":"0e3f77d4a6f1ffbcc7b8b8a971679f46","severity":"minor","location":{"path":"some/file/with/consecutive/errors","lines":{"begin":6,"end":0}}}]

---

[TestFormatErrors/default - 1]
[33;1m/proc/cpuinfo:[33;0m
[31;1m 1: WRONG[33;0m
[33;1m/proc/cpuinfoNOT:[33;0m
[31;1m 1: WRONG[33;0m
[33;1msome/other/path:[33;0m
[31;1m WRONG[33;0m
[31;1m 1: WRONG[33;0m
[33;1msome/file/with/consecutive/errors:[33;0m
[31;1m file-level error[33;0m
[31;1m 1-2: message kind one[33;0m
[31;1m 4: message kind one[33;0m
[31;1m 5: message kind two[33;0m
[31;1m 6: message kind one[33;0m
[31;1m
9 errors found[33;0m

---

[TestFormatErrors/gcc - 1]
[31;1m/proc/cpuinfo:1:0: error: WRONG[33;0m
[31;1m/proc/cpuinfoNOT:1:0: error: WRONG[33;0m
[31;1msome/other/path:1:0: error: WRONG[33;0m
[31;1msome/other/path:0:0: error: WRONG[33;0m
[31;1msome/file/with/consecutive/errors:1:0: error: message kind one[33;0m
[31;1msome/file/with/consecutive/errors:2:0: error: message kind one[33;0m
[31;1msome/file/with/consecutive/errors:4:0: error: message kind one[33;0m
[31;1msome/file/with/consecutive/errors:5:0: error: message kind two[33;0m
[31;1msome/file/with/consecutive/errors:6:0: error: message kind one[33;0m
[31;1msome/file/with/consecutive/errors:0:0: error: file-level error[33;0m
[31;1m
10 errors found[33;0m

---

[TestFormatErrors/github-actions - 1]
[31;1m::error file=/proc/cpuinfo,line=1::WRONG[33;0m
[31;1m::error file=/proc/cpuinfoNOT,line=1::WRONG[33;0m
[31;1m::error file=some/other/path::WRONG[33;0m
[31;1m::error file=some/other/path,line=1::WRONG[33;0m
[31;1m::error file=some/file/with/consecutive/errors::file-level error[33;0m
[31;1m::error file=some/file/with/consecutive/errors,line=1,endLine=2::message kind one[33;0m
[31;1m::error file=some/file/with/consecutive/errors,line=4::message kind one[33;0m
[31;1m::error file=some/file/with/consecutive/errors,line=5::message kind two[33;0m
[31;1m::error file=some/file/with/consecutive/errors,line=6::message kind one[33;0m
[31;1m
9 errors found[33;0m

---
