
[TestGetArgumentChoiceText - 1]
default, codeclimate, gcc, github-actions
---
